<?xml version="1.0" encoding="UTF-8" ?>
<testsuites name="vitest tests" tests="76" failures="0" errors="0" time="0.1948664">
    <testsuite name="__tests__/api-posts.test.ts" timestamp="2025-11-21T01:27:17.661Z" hostname="Dell081022" tests="5" failures="0" errors="0" skipped="0" time="0.0106176">
        <testcase classname="__tests__/api-posts.test.ts" name="CreatePostSchema &gt; should validate valid input" time="0.0042769">
        </testcase>
        <testcase classname="__tests__/api-posts.test.ts" name="CreatePostSchema &gt; should reject missing title" time="0.0011415">
        </testcase>
        <testcase classname="__tests__/api-posts.test.ts" name="CreatePostSchema &gt; should reject empty title" time="0.0005319">
        </testcase>
        <testcase classname="__tests__/api-posts.test.ts" name="CreatePostSchema &gt; should reject missing body" time="0.000658">
        </testcase>
        <testcase classname="__tests__/api-posts.test.ts" name="CreatePostSchema &gt; should reject empty body" time="0.000809">
        </testcase>
    </testsuite>
    <testsuite name="__tests__/feature-flags.test.ts" timestamp="2025-11-21T01:27:17.665Z" hostname="Dell081022" tests="20" failures="0" errors="0" skipped="0" time="0.0292378">
        <testcase classname="__tests__/feature-flags.test.ts" name="Feature Flags &gt; isFeatureEnabled &gt; returns environment variable default when no localStorage override" time="0.0030483">
        </testcase>
        <testcase classname="__tests__/feature-flags.test.ts" name="Feature Flags &gt; isFeatureEnabled &gt; returns localStorage override when present" time="0.0005435">
        </testcase>
        <testcase classname="__tests__/feature-flags.test.ts" name="Feature Flags &gt; isFeatureEnabled &gt; prioritizes localStorage over environment defaults" time="0.0003638">
        </testcase>
        <testcase classname="__tests__/feature-flags.test.ts" name="Feature Flags &gt; isFeatureEnabled &gt; returns environment default when localStorage override is invalid JSON" time="0.0003944">
        </testcase>
        <testcase classname="__tests__/feature-flags.test.ts" name="Feature Flags &gt; isFeatureEnabled &gt; handles non-existent feature flags gracefully" time="0.0004897">
        </testcase>
        <testcase classname="__tests__/feature-flags.test.ts" name="Feature Flags &gt; isFeatureEnabled &gt; works in server environment (no window)" time="0.0002855">
        </testcase>
        <testcase classname="__tests__/feature-flags.test.ts" name="Feature Flags &gt; setFeatureFlagOverride &gt; saves override to localStorage" time="0.0021371">
        </testcase>
        <testcase classname="__tests__/feature-flags.test.ts" name="Feature Flags &gt; setFeatureFlagOverride &gt; merges with existing overrides" time="0.0004002">
        </testcase>
        <testcase classname="__tests__/feature-flags.test.ts" name="Feature Flags &gt; setFeatureFlagOverride &gt; handles localStorage errors gracefully" time="0.010737">
            <system-err>
Failed to save feature flag override: Error: Storage quota exceeded
    at Object.&lt;anonymous&gt; (C:/Users/jonat/Documents/git/jnode/neonone/my-vercel-neon-app/__tests__/feature-flags.test.ts:210:15)
    at Object.Mock [as setItem] [90m(file:///C:/Users/jonat/Documents/git/jnode/neonone/my-vercel-neon-app/[39mnode_modules/[4m.pnpm[24m/@vitest+spy@4.0.10/node_modules/[4m@vitest/spy[24m/dist/index.js:280:34[90m)[39m
    at Proxy.&lt;anonymous&gt; (C:/Users/jonat/Documents/git/jnode/neonone/my-vercel-neon-app/__tests__/feature-flags.test.ts:92:26)
    at Proxy.Mock [90m(file:///C:/Users/jonat/Documents/git/jnode/neonone/my-vercel-neon-app/[39mnode_modules/[4m.pnpm[24m/@vitest+spy@4.0.10/node_modules/[4m@vitest/spy[24m/dist/index.js:280:34[90m)[39m
    at C:/Users/jonat/Documents/git/jnode/neonone/my-vercel-neon-app/__tests__/feature-flags.test.ts:215:9
    at Proxy.assertThrows [90m(file:///C:/Users/jonat/Documents/git/jnode/neonone/my-vercel-neon-app/[39mnode_modules/[4m.pnpm[24m/chai@6.2.1/node_modules/[4mchai[24m/index.js:2798:5[90m)[39m
    at Proxy.methodWrapper [90m(file:///C:/Users/jonat/Documents/git/jnode/neonone/my-vercel-neon-app/[39mnode_modules/[4m.pnpm[24m/chai@6.2.1/node_modules/[4mchai[24m/index.js:1700:25[90m)[39m
    at Proxy.&lt;anonymous&gt; [90m(file:///C:/Users/jonat/Documents/git/jnode/neonone/my-vercel-neon-app/[39mnode_modules/[4m.pnpm[24m/@vitest+expect@4.0.10/node_modules/[4m@vitest/expect[24m/dist/index.js:1149:12[90m)[39m
    at Proxy.overwritingMethodWrapper [90m(file:///C:/Users/jonat/Documents/git/jnode/neonone/my-vercel-neon-app/[39mnode_modules/[4m.pnpm[24m/chai@6.2.1/node_modules/[4mchai[24m/index.js:1750:33[90m)[39m
    at Proxy.&lt;anonymous&gt; [90m(file:///C:/Users/jonat/Documents/git/jnode/neonone/my-vercel-neon-app/[39mnode_modules/[4m.pnpm[24m/@vitest+expect@4.0.10/node_modules/[4m@vitest/expect[24m/dist/index.js:1485:16[90m)[39m

            </system-err>
        </testcase>
        <testcase classname="__tests__/feature-flags.test.ts" name="Feature Flags &gt; setFeatureFlagOverride &gt; does nothing in server environment" time="0.0009178">
        </testcase>
        <testcase classname="__tests__/feature-flags.test.ts" name="Feature Flags &gt; clearFeatureFlagOverrides &gt; removes overrides from localStorage" time="0.0007054">
        </testcase>
        <testcase classname="__tests__/feature-flags.test.ts" name="Feature Flags &gt; clearFeatureFlagOverrides &gt; handles localStorage errors gracefully" time="0.001939">
            <system-err>
Failed to clear feature flag overrides: Error: Storage error
    at Object.&lt;anonymous&gt; (C:/Users/jonat/Documents/git/jnode/neonone/my-vercel-neon-app/__tests__/feature-flags.test.ts:242:15)
    at Object.Mock [as removeItem] [90m(file:///C:/Users/jonat/Documents/git/jnode/neonone/my-vercel-neon-app/[39mnode_modules/[4m.pnpm[24m/@vitest+spy@4.0.10/node_modules/[4m@vitest/spy[24m/dist/index.js:280:34[90m)[39m
    at Proxy.&lt;anonymous&gt; (C:/Users/jonat/Documents/git/jnode/neonone/my-vercel-neon-app/__tests__/feature-flags.test.ts:102:26)
    at Proxy.Mock [90m(file:///C:/Users/jonat/Documents/git/jnode/neonone/my-vercel-neon-app/[39mnode_modules/[4m.pnpm[24m/@vitest+spy@4.0.10/node_modules/[4m@vitest/spy[24m/dist/index.js:280:34[90m)[39m
    at C:/Users/jonat/Documents/git/jnode/neonone/my-vercel-neon-app/__tests__/feature-flags.test.ts:247:9
    at Proxy.assertThrows [90m(file:///C:/Users/jonat/Documents/git/jnode/neonone/my-vercel-neon-app/[39mnode_modules/[4m.pnpm[24m/chai@6.2.1/node_modules/[4mchai[24m/index.js:2798:5[90m)[39m
    at Proxy.methodWrapper [90m(file:///C:/Users/jonat/Documents/git/jnode/neonone/my-vercel-neon-app/[39mnode_modules/[4m.pnpm[24m/chai@6.2.1/node_modules/[4mchai[24m/index.js:1700:25[90m)[39m
    at Proxy.&lt;anonymous&gt; [90m(file:///C:/Users/jonat/Documents/git/jnode/neonone/my-vercel-neon-app/[39mnode_modules/[4m.pnpm[24m/@vitest+expect@4.0.10/node_modules/[4m@vitest/expect[24m/dist/index.js:1149:12[90m)[39m
    at Proxy.overwritingMethodWrapper [90m(file:///C:/Users/jonat/Documents/git/jnode/neonone/my-vercel-neon-app/[39mnode_modules/[4m.pnpm[24m/chai@6.2.1/node_modules/[4mchai[24m/index.js:1750:33[90m)[39m
    at Proxy.&lt;anonymous&gt; [90m(file:///C:/Users/jonat/Documents/git/jnode/neonone/my-vercel-neon-app/[39mnode_modules/[4m.pnpm[24m/@vitest+expect@4.0.10/node_modules/[4m@vitest/expect[24m/dist/index.js:1485:16[90m)[39m

            </system-err>
        </testcase>
        <testcase classname="__tests__/feature-flags.test.ts" name="Feature Flags &gt; clearFeatureFlagOverrides &gt; does nothing in server environment" time="0.0002966">
        </testcase>
        <testcase classname="__tests__/feature-flags.test.ts" name="Feature Flags &gt; getEnabledFeatures &gt; returns array of enabled feature flag names" time="0.0011548">
        </testcase>
        <testcase classname="__tests__/feature-flags.test.ts" name="Feature Flags &gt; getEnabledFeatures &gt; respects localStorage overrides" time="0.0004932">
        </testcase>
        <testcase classname="__tests__/feature-flags.test.ts" name="Feature Flags &gt; getAllFeatureFlags &gt; returns all feature flags with their current values" time="0.0005642">
        </testcase>
        <testcase classname="__tests__/feature-flags.test.ts" name="Feature Flags &gt; getAllFeatureFlags &gt; returns a copy, not the original object" time="0.0003548">
        </testcase>
        <testcase classname="__tests__/feature-flags.test.ts" name="Feature Flags &gt; FEATURE_FLAGS constant &gt; contains expected feature flags" time="0.0003422">
        </testcase>
        <testcase classname="__tests__/feature-flags.test.ts" name="Feature Flags &gt; FEATURE_FLAGS constant &gt; all flags have boolean values" time="0.0005066">
        </testcase>
        <testcase classname="__tests__/feature-flags.test.ts" name="Feature Flags &gt; FEATURE_FLAGS constant &gt; includes location flags for all defined locations" time="0.0008778">
        </testcase>
    </testsuite>
    <testsuite name="__tests__/feature-flags.util.test.ts" timestamp="2025-11-21T01:27:17.671Z" hostname="Dell081022" tests="5" failures="0" errors="0" skipped="0" time="0.0181855">
        <testcase classname="__tests__/feature-flags.util.test.ts" name="featureFlags utils &gt; returns DB flag on server-side when present" time="0.0041412">
        </testcase>
        <testcase classname="__tests__/feature-flags.util.test.ts" name="featureFlags utils &gt; falls back to env when DB fails on server-side" time="0.0074094">
            <system-err>
Failed to fetch feature flags from database: Error: db error
    at C:/Users/jonat/Documents/git/jnode/neonone/my-vercel-neon-app/__tests__/feature-flags.util.test.ts:54:47
    at [90mfile:///C:/Users/jonat/Documents/git/jnode/neonone/my-vercel-neon-app/[39mnode_modules/[4m.pnpm[24m/@vitest+runner@4.0.10/node_modules/[4m@vitest/runner[24m/dist/index.js:157:11
    at [90mfile:///C:/Users/jonat/Documents/git/jnode/neonone/my-vercel-neon-app/[39mnode_modules/[4m.pnpm[24m/@vitest+runner@4.0.10/node_modules/[4m@vitest/runner[24m/dist/index.js:753:26
    at [90mfile:///C:/Users/jonat/Documents/git/jnode/neonone/my-vercel-neon-app/[39mnode_modules/[4m.pnpm[24m/@vitest+runner@4.0.10/node_modules/[4m@vitest/runner[24m/dist/index.js:1636:20
    at new Promise (&lt;anonymous&gt;)
    at runWithTimeout [90m(file:///C:/Users/jonat/Documents/git/jnode/neonone/my-vercel-neon-app/[39mnode_modules/[4m.pnpm[24m/@vitest+runner@4.0.10/node_modules/[4m@vitest/runner[24m/dist/index.js:1602:10[90m)[39m
    at runTest [90m(file:///C:/Users/jonat/Documents/git/jnode/neonone/my-vercel-neon-app/[39mnode_modules/[4m.pnpm[24m/@vitest+runner@4.0.10/node_modules/[4m@vitest/runner[24m/dist/index.js:1309:12[90m)[39m
[90m    at processTicksAndRejections (node:internal/process/task_queues:105:5)[39m
    at runSuite [90m(file:///C:/Users/jonat/Documents/git/jnode/neonone/my-vercel-neon-app/[39mnode_modules/[4m.pnpm[24m/@vitest+runner@4.0.10/node_modules/[4m@vitest/runner[24m/dist/index.js:1468:8[90m)[39m
    at runSuite [90m(file:///C:/Users/jonat/Documents/git/jnode/neonone/my-vercel-neon-app/[39mnode_modules/[4m.pnpm[24m/@vitest+runner@4.0.10/node_modules/[4m@vitest/runner[24m/dist/index.js:1468:8[90m)[39m

            </system-err>
        </testcase>
        <testcase classname="__tests__/feature-flags.util.test.ts" name="featureFlags utils &gt; isFeatureEnabledSync reads localStorage override on client" time="0.0017828">
        </testcase>
        <testcase classname="__tests__/feature-flags.util.test.ts" name="featureFlags utils &gt; getEnabledFeatures falls back to env when no cache" time="0.0021909">
        </testcase>
        <testcase classname="__tests__/feature-flags.util.test.ts" name="featureFlags utils &gt; getAllFeatureFlags returns object shape" time="0.0006224">
        </testcase>
    </testsuite>
    <testsuite name="__tests__/fetch-weather.test.ts" timestamp="2025-11-21T01:27:17.674Z" hostname="Dell081022" tests="13" failures="0" errors="0" skipped="0" time="0.0504566">
        <testcase classname="__tests__/fetch-weather.test.ts" name="fetchWeather &gt; Successful API calls &gt; fetches weather data from Tomorrow.io API" time="0.0166897">
            <system-err>
Failed to fetch feature flags from database: TypeError: Cannot read properties of undefined (reading &apos;findMany&apos;)
    at fetchFlagsFromDB (C:/Users/jonat/Documents/git/jnode/neonone/my-vercel-neon-app/app/utils/featureFlags.ts:36:40)
    at isFeatureEnabled (C:/Users/jonat/Documents/git/jnode/neonone/my-vercel-neon-app/app/utils/featureFlags.ts:171:27)
    at Module.fetchWeather (C:/Users/jonat/Documents/git/jnode/neonone/my-vercel-neon-app/app/lib/fetchWeather.ts:51:29)
[90m    at processTicksAndRejections (node:internal/process/task_queues:105:5)[39m
    at C:/Users/jonat/Documents/git/jnode/neonone/my-vercel-neon-app/__tests__/fetch-weather.test.ts:90:22
    at [90mfile:///C:/Users/jonat/Documents/git/jnode/neonone/my-vercel-neon-app/[39mnode_modules/[4m.pnpm[24m/@vitest+runner@4.0.10/node_modules/[4m@vitest/runner[24m/dist/index.js:753:20

            </system-err>
        </testcase>
        <testcase classname="__tests__/fetch-weather.test.ts" name="fetchWeather &gt; Successful API calls &gt; fetches location details from Nominatim API" time="0.0026945">
            <system-err>
Failed to fetch feature flags from database: TypeError: Cannot read properties of undefined (reading &apos;findMany&apos;)
    at fetchFlagsFromDB (C:/Users/jonat/Documents/git/jnode/neonone/my-vercel-neon-app/app/utils/featureFlags.ts:36:40)
    at isFeatureEnabled (C:/Users/jonat/Documents/git/jnode/neonone/my-vercel-neon-app/app/utils/featureFlags.ts:171:27)
    at Module.fetchWeather (C:/Users/jonat/Documents/git/jnode/neonone/my-vercel-neon-app/app/lib/fetchWeather.ts:51:29)
[90m    at processTicksAndRejections (node:internal/process/task_queues:105:5)[39m
    at C:/Users/jonat/Documents/git/jnode/neonone/my-vercel-neon-app/__tests__/fetch-weather.test.ts:115:22
    at [90mfile:///C:/Users/jonat/Documents/git/jnode/neonone/my-vercel-neon-app/[39mnode_modules/[4m.pnpm[24m/@vitest+runner@4.0.10/node_modules/[4m@vitest/runner[24m/dist/index.js:753:20

            </system-err>
        </testcase>
        <testcase classname="__tests__/fetch-weather.test.ts" name="fetchWeather &gt; Successful API calls &gt; logs weather data to database" time="0.0051663">
            <system-err>
Failed to fetch feature flags from database: TypeError: Cannot read properties of undefined (reading &apos;findMany&apos;)
    at fetchFlagsFromDB (C:/Users/jonat/Documents/git/jnode/neonone/my-vercel-neon-app/app/utils/featureFlags.ts:36:40)
    at isFeatureEnabled (C:/Users/jonat/Documents/git/jnode/neonone/my-vercel-neon-app/app/utils/featureFlags.ts:171:27)
    at Module.fetchWeather (C:/Users/jonat/Documents/git/jnode/neonone/my-vercel-neon-app/app/lib/fetchWeather.ts:51:29)
[90m    at processTicksAndRejections (node:internal/process/task_queues:105:5)[39m
    at C:/Users/jonat/Documents/git/jnode/neonone/my-vercel-neon-app/__tests__/fetch-weather.test.ts:153:7
    at [90mfile:///C:/Users/jonat/Documents/git/jnode/neonone/my-vercel-neon-app/[39mnode_modules/[4m.pnpm[24m/@vitest+runner@4.0.10/node_modules/[4m@vitest/runner[24m/dist/index.js:753:20

            </system-err>
        </testcase>
        <testcase classname="__tests__/fetch-weather.test.ts" name="fetchWeather &gt; Successful API calls &gt; logs API call to database" time="0.0048291">
            <system-err>
Failed to fetch feature flags from database: TypeError: Cannot read properties of undefined (reading &apos;findMany&apos;)
    at fetchFlagsFromDB (C:/Users/jonat/Documents/git/jnode/neonone/my-vercel-neon-app/app/utils/featureFlags.ts:36:40)
    at isFeatureEnabled (C:/Users/jonat/Documents/git/jnode/neonone/my-vercel-neon-app/app/utils/featureFlags.ts:171:27)
    at Module.fetchWeather (C:/Users/jonat/Documents/git/jnode/neonone/my-vercel-neon-app/app/lib/fetchWeather.ts:51:29)
[90m    at processTicksAndRejections (node:internal/process/task_queues:105:5)[39m
    at C:/Users/jonat/Documents/git/jnode/neonone/my-vercel-neon-app/__tests__/fetch-weather.test.ts:184:7
    at [90mfile:///C:/Users/jonat/Documents/git/jnode/neonone/my-vercel-neon-app/[39mnode_modules/[4m.pnpm[24m/@vitest+runner@4.0.10/node_modules/[4m@vitest/runner[24m/dist/index.js:753:20

            </system-err>
        </testcase>
        <testcase classname="__tests__/fetch-weather.test.ts" name="fetchWeather &gt; Successful API calls &gt; returns complete weather data structure" time="0.0014522">
            <system-err>
Failed to fetch feature flags from database: TypeError: Cannot read properties of undefined (reading &apos;findMany&apos;)
    at fetchFlagsFromDB (C:/Users/jonat/Documents/git/jnode/neonone/my-vercel-neon-app/app/utils/featureFlags.ts:36:40)
    at isFeatureEnabled (C:/Users/jonat/Documents/git/jnode/neonone/my-vercel-neon-app/app/utils/featureFlags.ts:171:27)
    at Module.fetchWeather (C:/Users/jonat/Documents/git/jnode/neonone/my-vercel-neon-app/app/lib/fetchWeather.ts:51:29)
[90m    at processTicksAndRejections (node:internal/process/task_queues:105:5)[39m
    at C:/Users/jonat/Documents/git/jnode/neonone/my-vercel-neon-app/__tests__/fetch-weather.test.ts:214:22
    at [90mfile:///C:/Users/jonat/Documents/git/jnode/neonone/my-vercel-neon-app/[39mnode_modules/[4m.pnpm[24m/@vitest+runner@4.0.10/node_modules/[4m@vitest/runner[24m/dist/index.js:753:20

            </system-err>
        </testcase>
        <testcase classname="__tests__/fetch-weather.test.ts" name="fetchWeather &gt; API Error Handling &gt; throws error when Tomorrow.io API fails" time="0.0028312">
            <system-err>
Failed to fetch feature flags from database: TypeError: Cannot read properties of undefined (reading &apos;findMany&apos;)
    at fetchFlagsFromDB (C:/Users/jonat/Documents/git/jnode/neonone/my-vercel-neon-app/app/utils/featureFlags.ts:36:40)
    at isFeatureEnabled (C:/Users/jonat/Documents/git/jnode/neonone/my-vercel-neon-app/app/utils/featureFlags.ts:171:27)
    at Module.fetchWeather (C:/Users/jonat/Documents/git/jnode/neonone/my-vercel-neon-app/app/lib/fetchWeather.ts:51:29)
[90m    at processTicksAndRejections (node:internal/process/task_queues:105:5)[39m

            </system-err>
        </testcase>
        <testcase classname="__tests__/fetch-weather.test.ts" name="fetchWeather &gt; API Error Handling &gt; handles Nominatim API failure with fallback location details" time="0.0017316">
            <system-err>
Failed to fetch feature flags from database: TypeError: Cannot read properties of undefined (reading &apos;findMany&apos;)
    at fetchFlagsFromDB (C:/Users/jonat/Documents/git/jnode/neonone/my-vercel-neon-app/app/utils/featureFlags.ts:36:40)
    at isFeatureEnabled (C:/Users/jonat/Documents/git/jnode/neonone/my-vercel-neon-app/app/utils/featureFlags.ts:171:27)
    at Module.fetchWeather (C:/Users/jonat/Documents/git/jnode/neonone/my-vercel-neon-app/app/lib/fetchWeather.ts:51:29)
[90m    at processTicksAndRejections (node:internal/process/task_queues:105:5)[39m
    at C:/Users/jonat/Documents/git/jnode/neonone/my-vercel-neon-app/__tests__/fetch-weather.test.ts:282:22
    at [90mfile:///C:/Users/jonat/Documents/git/jnode/neonone/my-vercel-neon-app/[39mnode_modules/[4m.pnpm[24m/@vitest+runner@4.0.10/node_modules/[4m@vitest/runner[24m/dist/index.js:753:20

            </system-err>
        </testcase>
        <testcase classname="__tests__/fetch-weather.test.ts" name="fetchWeather &gt; API Error Handling &gt; handles malformed Nominatim response" time="0.001948">
            <system-err>
Failed to fetch feature flags from database: TypeError: Cannot read properties of undefined (reading &apos;findMany&apos;)
    at fetchFlagsFromDB (C:/Users/jonat/Documents/git/jnode/neonone/my-vercel-neon-app/app/utils/featureFlags.ts:36:40)
    at isFeatureEnabled (C:/Users/jonat/Documents/git/jnode/neonone/my-vercel-neon-app/app/utils/featureFlags.ts:171:27)
    at Module.fetchWeather (C:/Users/jonat/Documents/git/jnode/neonone/my-vercel-neon-app/app/lib/fetchWeather.ts:51:29)
[90m    at processTicksAndRejections (node:internal/process/task_queues:105:5)[39m
    at C:/Users/jonat/Documents/git/jnode/neonone/my-vercel-neon-app/__tests__/fetch-weather.test.ts:319:22
    at [90mfile:///C:/Users/jonat/Documents/git/jnode/neonone/my-vercel-neon-app/[39mnode_modules/[4m.pnpm[24m/@vitest+runner@4.0.10/node_modules/[4m@vitest/runner[24m/dist/index.js:753:20

            </system-err>
        </testcase>
        <testcase classname="__tests__/fetch-weather.test.ts" name="fetchWeather &gt; Custom Location Parameter &gt; uses provided location instead of active location" time="0.0026075">
            <system-err>
Failed to fetch feature flags from database: TypeError: Cannot read properties of undefined (reading &apos;findMany&apos;)
    at fetchFlagsFromDB (C:/Users/jonat/Documents/git/jnode/neonone/my-vercel-neon-app/app/utils/featureFlags.ts:36:40)
    at isFeatureEnabled (C:/Users/jonat/Documents/git/jnode/neonone/my-vercel-neon-app/app/utils/featureFlags.ts:171:27)
    at Module.fetchWeather (C:/Users/jonat/Documents/git/jnode/neonone/my-vercel-neon-app/app/lib/fetchWeather.ts:51:29)
    at C:/Users/jonat/Documents/git/jnode/neonone/my-vercel-neon-app/__tests__/fetch-weather.test.ts:353:13
    at [90mfile:///C:/Users/jonat/Documents/git/jnode/neonone/my-vercel-neon-app/[39mnode_modules/[4m.pnpm[24m/@vitest+runner@4.0.10/node_modules/[4m@vitest/runner[24m/dist/index.js:157:11
    at [90mfile:///C:/Users/jonat/Documents/git/jnode/neonone/my-vercel-neon-app/[39mnode_modules/[4m.pnpm[24m/@vitest+runner@4.0.10/node_modules/[4m@vitest/runner[24m/dist/index.js:753:26
    at [90mfile:///C:/Users/jonat/Documents/git/jnode/neonone/my-vercel-neon-app/[39mnode_modules/[4m.pnpm[24m/@vitest+runner@4.0.10/node_modules/[4m@vitest/runner[24m/dist/index.js:1636:20
    at new Promise (&lt;anonymous&gt;)
    at runWithTimeout [90m(file:///C:/Users/jonat/Documents/git/jnode/neonone/my-vercel-neon-app/[39mnode_modules/[4m.pnpm[24m/@vitest+runner@4.0.10/node_modules/[4m@vitest/runner[24m/dist/index.js:1602:10[90m)[39m
    at runTest [90m(file:///C:/Users/jonat/Documents/git/jnode/neonone/my-vercel-neon-app/[39mnode_modules/[4m.pnpm[24m/@vitest+runner@4.0.10/node_modules/[4m@vitest/runner[24m/dist/index.js:1309:12[90m)[39m

            </system-err>
        </testcase>
        <testcase classname="__tests__/fetch-weather.test.ts" name="fetchWeather &gt; Custom Location Parameter &gt; uses custom location for fallback location details" time="0.0023759">
            <system-err>
Failed to fetch feature flags from database: TypeError: Cannot read properties of undefined (reading &apos;findMany&apos;)
    at fetchFlagsFromDB (C:/Users/jonat/Documents/git/jnode/neonone/my-vercel-neon-app/app/utils/featureFlags.ts:36:40)
    at isFeatureEnabled (C:/Users/jonat/Documents/git/jnode/neonone/my-vercel-neon-app/app/utils/featureFlags.ts:171:27)
    at Module.fetchWeather (C:/Users/jonat/Documents/git/jnode/neonone/my-vercel-neon-app/app/lib/fetchWeather.ts:51:29)
    at C:/Users/jonat/Documents/git/jnode/neonone/my-vercel-neon-app/__tests__/fetch-weather.test.ts:401:28
    at [90mfile:///C:/Users/jonat/Documents/git/jnode/neonone/my-vercel-neon-app/[39mnode_modules/[4m.pnpm[24m/@vitest+runner@4.0.10/node_modules/[4m@vitest/runner[24m/dist/index.js:157:11
    at [90mfile:///C:/Users/jonat/Documents/git/jnode/neonone/my-vercel-neon-app/[39mnode_modules/[4m.pnpm[24m/@vitest+runner@4.0.10/node_modules/[4m@vitest/runner[24m/dist/index.js:753:26
    at [90mfile:///C:/Users/jonat/Documents/git/jnode/neonone/my-vercel-neon-app/[39mnode_modules/[4m.pnpm[24m/@vitest+runner@4.0.10/node_modules/[4m@vitest/runner[24m/dist/index.js:1636:20
    at new Promise (&lt;anonymous&gt;)
    at runWithTimeout [90m(file:///C:/Users/jonat/Documents/git/jnode/neonone/my-vercel-neon-app/[39mnode_modules/[4m.pnpm[24m/@vitest+runner@4.0.10/node_modules/[4m@vitest/runner[24m/dist/index.js:1602:10[90m)[39m
    at runTest [90m(file:///C:/Users/jonat/Documents/git/jnode/neonone/my-vercel-neon-app/[39mnode_modules/[4m.pnpm[24m/@vitest+runner@4.0.10/node_modules/[4m@vitest/runner[24m/dist/index.js:1309:12[90m)[39m

            </system-err>
        </testcase>
        <testcase classname="__tests__/fetch-weather.test.ts" name="fetchWeather &gt; Environment Variables &gt; throws error when TOMORROW_API_KEY is not set" time="0.0017432">
            <system-err>
Failed to fetch feature flags from database: TypeError: Cannot read properties of undefined (reading &apos;findMany&apos;)
    at fetchFlagsFromDB (C:/Users/jonat/Documents/git/jnode/neonone/my-vercel-neon-app/app/utils/featureFlags.ts:36:40)
    at isFeatureEnabled (C:/Users/jonat/Documents/git/jnode/neonone/my-vercel-neon-app/app/utils/featureFlags.ts:171:27)
    at Module.fetchWeather (C:/Users/jonat/Documents/git/jnode/neonone/my-vercel-neon-app/app/lib/fetchWeather.ts:51:29)
[90m    at processTicksAndRejections (node:internal/process/task_queues:105:5)[39m

            </system-err>
        </testcase>
        <testcase classname="__tests__/fetch-weather.test.ts" name="fetchWeather &gt; Request ID Handling &gt; generates request ID when not provided" time="0.0017005">
            <system-err>
Failed to fetch feature flags from database: TypeError: Cannot read properties of undefined (reading &apos;findMany&apos;)
    at fetchFlagsFromDB (C:/Users/jonat/Documents/git/jnode/neonone/my-vercel-neon-app/app/utils/featureFlags.ts:36:40)
    at isFeatureEnabled (C:/Users/jonat/Documents/git/jnode/neonone/my-vercel-neon-app/app/utils/featureFlags.ts:171:27)
    at Module.fetchWeather (C:/Users/jonat/Documents/git/jnode/neonone/my-vercel-neon-app/app/lib/fetchWeather.ts:51:29)
[90m    at processTicksAndRejections (node:internal/process/task_queues:105:5)[39m
    at C:/Users/jonat/Documents/git/jnode/neonone/my-vercel-neon-app/__tests__/fetch-weather.test.ts:433:22
    at [90mfile:///C:/Users/jonat/Documents/git/jnode/neonone/my-vercel-neon-app/[39mnode_modules/[4m.pnpm[24m/@vitest+runner@4.0.10/node_modules/[4m@vitest/runner[24m/dist/index.js:753:20

            </system-err>
        </testcase>
        <testcase classname="__tests__/fetch-weather.test.ts" name="fetchWeather &gt; Request ID Handling &gt; uses provided request ID" time="0.0018453">
            <system-err>
Failed to fetch feature flags from database: TypeError: Cannot read properties of undefined (reading &apos;findMany&apos;)
    at fetchFlagsFromDB (C:/Users/jonat/Documents/git/jnode/neonone/my-vercel-neon-app/app/utils/featureFlags.ts:36:40)
    at isFeatureEnabled (C:/Users/jonat/Documents/git/jnode/neonone/my-vercel-neon-app/app/utils/featureFlags.ts:171:27)
    at Module.fetchWeather (C:/Users/jonat/Documents/git/jnode/neonone/my-vercel-neon-app/app/lib/fetchWeather.ts:51:29)
[90m    at processTicksAndRejections (node:internal/process/task_queues:105:5)[39m
    at C:/Users/jonat/Documents/git/jnode/neonone/my-vercel-neon-app/__tests__/fetch-weather.test.ts:452:22
    at [90mfile:///C:/Users/jonat/Documents/git/jnode/neonone/my-vercel-neon-app/[39mnode_modules/[4m.pnpm[24m/@vitest+runner@4.0.10/node_modules/[4m@vitest/runner[24m/dist/index.js:753:20

            </system-err>
        </testcase>
    </testsuite>
    <testsuite name="__tests__/locations.test.ts" timestamp="2025-11-21T01:27:17.684Z" hostname="Dell081022" tests="17" failures="0" errors="0" skipped="0" time="0.0249295">
        <testcase classname="__tests__/locations.test.ts" name="Location Utilities &gt; getAvailableLocations &gt; returns only locations with enabled feature flags" time="0.0071813">
        </testcase>
        <testcase classname="__tests__/locations.test.ts" name="Location Utilities &gt; getAvailableLocations &gt; returns empty array when no locations are enabled" time="0.0007232">
        </testcase>
        <testcase classname="__tests__/locations.test.ts" name="Location Utilities &gt; getAvailableLocations &gt; returns all locations when all flags are enabled" time="0.0008412">
        </testcase>
        <testcase classname="__tests__/locations.test.ts" name="Location Utilities &gt; getActiveLocation &gt; returns first available location when locations are enabled" time="0.0014236">
        </testcase>
        <testcase classname="__tests__/locations.test.ts" name="Location Utilities &gt; getActiveLocation &gt; returns King of Prussia as fallback when no locations are enabled" time="0.0007764">
        </testcase>
        <testcase classname="__tests__/locations.test.ts" name="Location Utilities &gt; getActiveLocation &gt; returns first location in priority order" time="0.000351">
        </testcase>
        <testcase classname="__tests__/locations.test.ts" name="Location Utilities &gt; getLocationByName &gt; returns correct location for valid name" time="0.0007823">
        </testcase>
        <testcase classname="__tests__/locations.test.ts" name="Location Utilities &gt; getLocationByName &gt; returns undefined for invalid name" time="0.0005535">
        </testcase>
        <testcase classname="__tests__/locations.test.ts" name="Location Utilities &gt; getLocationByName &gt; returns correct location for all defined locations" time="0.0012838">
        </testcase>
        <testcase classname="__tests__/locations.test.ts" name="Location Utilities &gt; formatLocationForTomorrowIO &gt; formats location as &quot;lat,lon&quot; string" time="0.0005874">
        </testcase>
        <testcase classname="__tests__/locations.test.ts" name="Location Utilities &gt; formatLocationForTomorrowIO &gt; handles negative coordinates correctly" time="0.0003054">
        </testcase>
        <testcase classname="__tests__/locations.test.ts" name="Location Utilities &gt; formatLocationForTomorrowIO &gt; preserves coordinate precision" time="0.0002319">
        </testcase>
        <testcase classname="__tests__/locations.test.ts" name="Location Utilities &gt; formatLocationForOSM &gt; returns object with lat and lon properties" time="0.0004311">
        </testcase>
        <testcase classname="__tests__/locations.test.ts" name="Location Utilities &gt; formatLocationForOSM &gt; handles all location types" time="0.0015283">
        </testcase>
        <testcase classname="__tests__/locations.test.ts" name="Location Utilities &gt; LOCATIONS constant &gt; contains all expected locations" time="0.0005053">
        </testcase>
        <testcase classname="__tests__/locations.test.ts" name="Location Utilities &gt; LOCATIONS constant &gt; each location has required properties" time="0.0022174">
        </testcase>
        <testcase classname="__tests__/locations.test.ts" name="Location Utilities &gt; LOCATIONS constant &gt; location coordinates are reasonable" time="0.0014535">
        </testcase>
    </testsuite>
    <testsuite name="__tests__/neon-api.test.ts" timestamp="2025-11-21T01:27:17.689Z" hostname="Dell081022" tests="6" failures="0" errors="0" skipped="0" time="0.030798">
        <testcase classname="__tests__/neon-api.test.ts" name="Neon API routes &gt; metadata returns parsed DATABASE_URL info" time="0.0137137">
        </testcase>
        <testcase classname="__tests__/neon-api.test.ts" name="Neon API routes &gt; limits returns max/active/total connections and utilization" time="0.0040723">
        </testcase>
        <testcase classname="__tests__/neon-api.test.ts" name="Neon API routes &gt; health returns ok and latencyMs" time="0.0025363">
        </testcase>
        <testcase classname="__tests__/neon-api.test.ts" name="Neon API routes &gt; slow-queries returns pg_stat_statements results when available" time="0.003459">
        </testcase>
        <testcase classname="__tests__/neon-api.test.ts" name="Neon API routes &gt; explain rejects non-SELECT queries" time="0.0026921">
        </testcase>
        <testcase classname="__tests__/neon-api.test.ts" name="Neon API routes &gt; explain returns plan for SELECT queries" time="0.0023074">
        </testcase>
    </testsuite>
    <testsuite name="__tests__/weather-api.test.ts" timestamp="2025-11-21T01:27:17.691Z" hostname="Dell081022" tests="10" failures="0" errors="0" skipped="0" time="0.0306414">
        <testcase classname="__tests__/weather-api.test.ts" name="getDailyForecast &gt; Mock Data Mode &gt; returns mock forecast data when WEATHER_MOCK_DATA is enabled" time="0.0066951">
        </testcase>
        <testcase classname="__tests__/weather-api.test.ts" name="getDailyForecast &gt; Mock Data Mode &gt; includes requestId in mock forecast data" time="0.0010449">
        </testcase>
        <testcase classname="__tests__/weather-api.test.ts" name="getDailyForecast &gt; Mock Data Mode &gt; returns error object indicating mock data usage" time="0.001225">
        </testcase>
        <testcase classname="__tests__/weather-api.test.ts" name="getDailyForecast &gt; Real API Mode &gt; throws error when TOMORROW_API_KEY is not set" time="0.0023322">
        </testcase>
        <testcase classname="__tests__/weather-api.test.ts" name="getDailyForecast &gt; Real API Mode &gt; handles API rate limit errors gracefully" time="0.0012221">
        </testcase>
        <testcase classname="__tests__/weather-api.test.ts" name="getDailyForecast &gt; Real API Mode &gt; handles network errors gracefully" time="0.007084">
        </testcase>
        <testcase classname="__tests__/weather-api.test.ts" name="getDailyForecast &gt; Real API Mode &gt; handles API server errors (5xx)" time="0.0019164">
        </testcase>
        <testcase classname="__tests__/weather-api.test.ts" name="getDailyForecast &gt; Real API Mode &gt; processes valid API response correctly" time="0.0018388">
        </testcase>
        <testcase classname="__tests__/weather-api.test.ts" name="getDailyForecast &gt; Real API Mode &gt; handles malformed API response" time="0.001254">
        </testcase>
        <testcase classname="__tests__/weather-api.test.ts" name="getDailyForecast &gt; Location Parameter &gt; accepts and uses location parameter" time="0.0030153">
        </testcase>
    </testsuite>
</testsuites>
